


ARM Macro Assembler    Page 1 


    1 00000000         ;Jeremy Oliver
    2 00000000         ;CS2400
    3 00000000         ;03/17/18
    4 00000000         ;This program converts an IEEE number to TNS or TNS numb
                       er to IEEE. In the main program, it compares the
    5 00000000         ;Converted numbers to verify they were converted success
                       fully. 
    6 00000000         
    7 00000000         
    8 00000000                 AREA             convert, CODE, READONLY
    9 00000000                 EXPORT           main
   10 00000000         
   11 00000000         
   12 00000000                 ENTRY
   13 00000000         main
   14 00000000 4A1A            LDR              R2, =ieee   ; load address of i
                                                            eee number to R2
   15 00000002 4B1B            LDR              R3, =tns    ; load address of t
                                                            ns number to R3
   16 00000004 6814            LDR              R4, [R2]    ; load ieee number 
                                                            into R4
   17 00000006 681D            LDR              R5, [R3]    ; load tns number i
                                                            nto R5
   18 00000008 F000 F809       BL               ieeetotns
   19 0000000C 42A9            CMP              R1, R5
   20 0000000E BF08 3001       ADDEQ            R0, #1
   21 00000012 F000 F815       BL               tnstoieee
   22 00000016 42A1            CMP              R1, R4
   23 00000018 BF08 3001       ADDEQ            R0, #1
   24 0000001C E7FE            B                .           ; ending statement 
                                                            for keil
   25 0000001E         
   26 0000001E         ieeetotns
   27 0000001E F404 4600       AND              R6, R4, #0x8000 ; unpack sign
   28 00000022 F404 47FF       AND              R7, R4, #0x7F80 
                                                            ; unpack exponent
   29 00000026 F004 087F       AND              R8, R4, #0x007F ; unpack signif
                                                            icand
   30 0000002A F107 0781       ADD              R7, R7, #129 ; Add 129 to expon
                                                            ent to be in excess
                                                             256
   31 0000002E EB07 57D7       ADD              R7, R7, LSR #23 ; Shift exponen
                                                            t 23 bits
   32 00000032 EB08 2804       ADD              R8, R4, LSL #8 ; shift signific
                                                            and left 8 bits
   33 00000036 EA46 0907       ORR              R9, R6, R7  ; add exponent and 
                                                            sign to temp
   34 0000003A EA49 0108       ORR              R1, R9, R8  ; add temp and sign
                                                            ificand to new
   35 0000003E 4770            BX               LR
   36 00000040         tnstoieee
   37 00000040 F8DF A030       LDR              R10, =tnssigmask
   38 00000044 F8DA B000       LDR              R11, [R10]
   39 00000048 F405 4600       AND              R6, R5, #0x8000 ; unpack sign
   40 0000004C F005 0700       AND              R7, R5, #0x0000 
                                                            ; unpack exponent
   41 00000050 EA05 080B       AND              R8, R5, R11 ; unpack significan
                                                            d
   42 00000054 F1A7 0781       SUB              R7, R7, #129 ; subtract 129 fro



ARM Macro Assembler    Page 2 


                                                            m exponent to get e
                                                            xcess 127
   43 00000058 EB07 57C7       ADD              R7, R7, LSL #23 ; shift exponen
                                                            t 23 bits
   44 0000005C EA4F 2818       MOV              R8, R8, LSR #8 ; shift signific
                                                            and to the right
   45 00000060 EA46 0907       ORR              R9, R6, R7  ; add exponent and 
                                                            sign to temp
   46 00000064 EA49 0108       ORR              R1, R9, R8  ; add temp and sign
                                                            ificand to new
   47 00000068 4770            BX               LR
   48 0000006A         
   49 0000006A 00 00 00000000 
              00000000 
              00000000         AREA             String, DATA, READWRITE
   50 00000000 417C0000 
              00000000 ieee    DCD              0x417C0000, 0 ;ieee representat
                                                            ion of 15.75 in hex
                                                            adecimal
   51 00000008 7C000103 
              00000000 tns     DCD              0x7C000103, 0 ;tns representati
                                                            on of 15.75 in hexa
                                                            decimal 
   52 00000010 00007FFF 
              00000000 tnssigmask
                               DCD              0x7FFF, 0
   53 00000018                 ALIGN
   54 00000018                 END
Command Line: --debug --xref --diag_suppress=9931 --cpu=Cortex-M3 --apcs=interw
ork --depend=.\objects\hw5.d -o.\objects\hw5.o -I.\RTE\_Target_1 -I"C:\Program 
Files\ARM\PACK\ARM\CMSIS\5.0.1\CMSIS\Include" -I"C:\Program Files\ARM\PACK\ARM\
CMSIS\5.0.1\Device\ARM\ARMCM3\Include" --predefine="__EVAL SETA 1" --predefine=
"__UVISION_VERSION SETA 524" --predefine="_RTE_ SETA 1" --predefine="ARMCM3 SET
A 1" --list=.\listings\hw5.lst C:\Users\agail\Downloads\ARMexamples\ARM200\EXAM
PLES\CSI2400\HW5.s



ARM Macro Assembler    Page 1 Alphabetic symbol ordering
Relocatable symbols

convert 00000000

Symbol: convert
   Definitions
      At line 8 in file C:\Users\agail\Downloads\ARMexamples\ARM200\EXAMPLES\CS
I2400\HW5.s
   Uses
      None
Comment: convert unused
ieeetotns 0000001E

Symbol: ieeetotns
   Definitions
      At line 26 in file C:\Users\agail\Downloads\ARMexamples\ARM200\EXAMPLES\C
SI2400\HW5.s
   Uses
      At line 18 in file C:\Users\agail\Downloads\ARMexamples\ARM200\EXAMPLES\C
SI2400\HW5.s
Comment: ieeetotns used once
main 00000000

Symbol: main
   Definitions
      At line 13 in file C:\Users\agail\Downloads\ARMexamples\ARM200\EXAMPLES\C
SI2400\HW5.s
   Uses
      At line 9 in file C:\Users\agail\Downloads\ARMexamples\ARM200\EXAMPLES\CS
I2400\HW5.s
Comment: main used once
tnstoieee 00000040

Symbol: tnstoieee
   Definitions
      At line 36 in file C:\Users\agail\Downloads\ARMexamples\ARM200\EXAMPLES\C
SI2400\HW5.s
   Uses
      At line 21 in file C:\Users\agail\Downloads\ARMexamples\ARM200\EXAMPLES\C
SI2400\HW5.s
Comment: tnstoieee used once
4 symbols



ARM Macro Assembler    Page 1 Alphabetic symbol ordering
Relocatable symbols

String 00000000

Symbol: String
   Definitions
      At line 49 in file C:\Users\agail\Downloads\ARMexamples\ARM200\EXAMPLES\C
SI2400\HW5.s
   Uses
      None
Comment: String unused
ieee 00000000

Symbol: ieee
   Definitions
      At line 50 in file C:\Users\agail\Downloads\ARMexamples\ARM200\EXAMPLES\C
SI2400\HW5.s
   Uses
      At line 14 in file C:\Users\agail\Downloads\ARMexamples\ARM200\EXAMPLES\C
SI2400\HW5.s
Comment: ieee used once
tns 00000008

Symbol: tns
   Definitions
      At line 51 in file C:\Users\agail\Downloads\ARMexamples\ARM200\EXAMPLES\C
SI2400\HW5.s
   Uses
      At line 15 in file C:\Users\agail\Downloads\ARMexamples\ARM200\EXAMPLES\C
SI2400\HW5.s
Comment: tns used once
tnssigmask 00000010

Symbol: tnssigmask
   Definitions
      At line 52 in file C:\Users\agail\Downloads\ARMexamples\ARM200\EXAMPLES\C
SI2400\HW5.s
   Uses
      At line 37 in file C:\Users\agail\Downloads\ARMexamples\ARM200\EXAMPLES\C
SI2400\HW5.s
Comment: tnssigmask used once
4 symbols
344 symbols in table
