Component: ARM Compiler 5.06 update 5 (build 528) Tool: armlink [4d35e2]

==============================================================================

Section Cross References

    startup_stm32l1xx_md.o(RESET) refers to startup_stm32l1xx_md.o(STACK) for __initial_sp
    startup_stm32l1xx_md.o(RESET) refers to startup_stm32l1xx_md.o(.text) for Reset_Handler
    startup_stm32l1xx_md.o(.text) refers to main.o(main) for __main
    startup_stm32l1xx_md.o(.text) refers to startup_stm32l1xx_md.o(HEAP) for Heap_Mem
    startup_stm32l1xx_md.o(.text) refers to startup_stm32l1xx_md.o(STACK) for Stack_Mem


==============================================================================

Removing Unused input sections from the image.

    Removing main.o(__DEFINES_STM32L1xx_DUMMY), (0 bytes).
    Removing main.o(__DEFINES_STM32L1xx_TIM_DUMMY), (0 bytes).
    Removing main.o(allocations), (0 bytes).
    Removing stm32l1xx_constants.o(__DEFINES_STM32L1xx_DUMMY), (0 bytes).
    Removing stm32l1xx_tim_constants.o(__DEFINES_STM32L1xx_TIM_DUMMY), (0 bytes).

5 unused section(s) (total 0 bytes) removed from the image.

==============================================================================

Image Symbol Table

    Local Symbols

    Symbol Name                              Value     Ov Type        Size  Object(Section)

    RESET                                    0x00000000   Section      244  startup_stm32l1xx_md.o(RESET)
    C:\Users\agail\Downloads\Keil Startup Files\core_cm3_constant.s 0x00000000   Number         0  core_cm3_constant.o ABSOLUTE
    C:\Users\agail\Downloads\Keil Startup Files\main.s 0x00000000   Number         0  main.o ABSOLUTE
    C:\Users\agail\Downloads\Keil Startup Files\startup_stm32l1xx_md.s 0x00000000   Number         0  startup_stm32l1xx_md.o ABSOLUTE
    C:\Users\agail\Downloads\Keil Startup Files\stm32l1xx_constants.s 0x00000000   Number         0  stm32l1xx_constants.o ABSOLUTE
    C:\Users\agail\Downloads\Keil Startup Files\stm32l1xx_tim_constants.s 0x00000000   Number         0  stm32l1xx_tim_constants.o ABSOLUTE
    .text                                    0x000000f4   Section      108  startup_stm32l1xx_md.o(.text)
    main                                     0x00000160   Section       16  main.o(main)
    HEAP                                     0x20000000   Section      512  startup_stm32l1xx_md.o(HEAP)
    Heap_Mem                                 0x20000000   Data         512  startup_stm32l1xx_md.o(HEAP)
    STACK                                    0x20000200   Section     1024  startup_stm32l1xx_md.o(STACK)
    Stack_Mem                                0x20000200   Data        1024  startup_stm32l1xx_md.o(STACK)
    __initial_sp                             0x20000600   Data           0  startup_stm32l1xx_md.o(STACK)

    Global Symbols

    Symbol Name                              Value     Ov Type        Size  Object(Section)

    BuildAttributes$$THM_ISAv4$P$D$K$B$S$PE$A:L22UL41UL21$X:L11$S22US41US21$IEEE1$IW$USESV6$~STKCKD$USESV7$~SHL$OSPACE$EBA8$STANDARDLIB$PRES8$EABIv2 0x00000000   Number         0  anon$$obj.o ABSOLUTE
    Image$$ER_IROM1$$RO$$Base                0x00000000   Number         0  anon$$obj.o ABSOLUTE
    Image$$ER_IROM1$$RW$$Length              0x00000000   Number         0  anon$$obj.o ABSOLUTE
    Image$$ER_IROM1$$ZI$$Length              0x00000000   Number         0  anon$$obj.o ABSOLUTE
    Image$$RW_IRAM1$$Length                  0x00000000   Number         0  anon$$obj.o ABSOLUTE
    Image$$RW_IRAM1$$RO$$Length              0x00000000   Number         0  anon$$obj.o ABSOLUTE
    Image$$RW_IRAM1$$RW$$Length              0x00000000   Number         0  anon$$obj.o ABSOLUTE
    Load$$ER_IROM1$$Base                     0x00000000   Number         0  anon$$obj.o ABSOLUTE
    __Vectors                                0x00000000   Data           4  startup_stm32l1xx_md.o(RESET)
    Reset_Handler                            0x000000f5   Thumb Code    40  startup_stm32l1xx_md.o(.text)
    __Vectors_End                            0x000000f4   Data           0  startup_stm32l1xx_md.o(RESET)
    __Vectors_Size                           0x000000f4   Number         0  startup_stm32l1xx_md.o ABSOLUTE
    NMI_Handler                              0x0000011d   Thumb Code     2  startup_stm32l1xx_md.o(.text)
    HardFault_Handler                        0x0000011f   Thumb Code     2  startup_stm32l1xx_md.o(.text)
    MemManage_Handler                        0x00000121   Thumb Code     2  startup_stm32l1xx_md.o(.text)
    BusFault_Handler                         0x00000123   Thumb Code     2  startup_stm32l1xx_md.o(.text)
    UsageFault_Handler                       0x00000125   Thumb Code     2  startup_stm32l1xx_md.o(.text)
    SVC_Handler                              0x00000127   Thumb Code     2  startup_stm32l1xx_md.o(.text)
    DebugMon_Handler                         0x00000129   Thumb Code     2  startup_stm32l1xx_md.o(.text)
    PendSV_Handler                           0x0000012b   Thumb Code     2  startup_stm32l1xx_md.o(.text)
    SysTick_Handler                          0x0000012d   Thumb Code     2  startup_stm32l1xx_md.o(.text)
    ADC1_IRQHandler                          0x0000012f   Thumb Code     0  startup_stm32l1xx_md.o(.text)
    COMP_IRQHandler                          0x0000012f   Thumb Code     0  startup_stm32l1xx_md.o(.text)
    DAC_IRQHandler                           0x0000012f   Thumb Code     0  startup_stm32l1xx_md.o(.text)
    DMA1_Channel1_IRQHandler                 0x0000012f   Thumb Code     0  startup_stm32l1xx_md.o(.text)
    DMA1_Channel2_IRQHandler                 0x0000012f   Thumb Code     0  startup_stm32l1xx_md.o(.text)
    DMA1_Channel3_IRQHandler                 0x0000012f   Thumb Code     0  startup_stm32l1xx_md.o(.text)
    DMA1_Channel4_IRQHandler                 0x0000012f   Thumb Code     0  startup_stm32l1xx_md.o(.text)
    DMA1_Channel5_IRQHandler                 0x0000012f   Thumb Code     0  startup_stm32l1xx_md.o(.text)
    DMA1_Channel6_IRQHandler                 0x0000012f   Thumb Code     0  startup_stm32l1xx_md.o(.text)
    DMA1_Channel7_IRQHandler                 0x0000012f   Thumb Code     0  startup_stm32l1xx_md.o(.text)
    EXTI0_IRQHandler                         0x0000012f   Thumb Code     0  startup_stm32l1xx_md.o(.text)
    EXTI15_10_IRQHandler                     0x0000012f   Thumb Code     0  startup_stm32l1xx_md.o(.text)
    EXTI1_IRQHandler                         0x0000012f   Thumb Code     0  startup_stm32l1xx_md.o(.text)
    EXTI2_IRQHandler                         0x0000012f   Thumb Code     0  startup_stm32l1xx_md.o(.text)
    EXTI3_IRQHandler                         0x0000012f   Thumb Code     0  startup_stm32l1xx_md.o(.text)
    EXTI4_IRQHandler                         0x0000012f   Thumb Code     0  startup_stm32l1xx_md.o(.text)
    EXTI9_5_IRQHandler                       0x0000012f   Thumb Code     0  startup_stm32l1xx_md.o(.text)
    FLASH_IRQHandler                         0x0000012f   Thumb Code     0  startup_stm32l1xx_md.o(.text)
    I2C1_ER_IRQHandler                       0x0000012f   Thumb Code     0  startup_stm32l1xx_md.o(.text)
    I2C1_EV_IRQHandler                       0x0000012f   Thumb Code     0  startup_stm32l1xx_md.o(.text)
    I2C2_ER_IRQHandler                       0x0000012f   Thumb Code     0  startup_stm32l1xx_md.o(.text)
    I2C2_EV_IRQHandler                       0x0000012f   Thumb Code     0  startup_stm32l1xx_md.o(.text)
    LCD_IRQHandler                           0x0000012f   Thumb Code     0  startup_stm32l1xx_md.o(.text)
    PVD_IRQHandler                           0x0000012f   Thumb Code     0  startup_stm32l1xx_md.o(.text)
    RCC_IRQHandler                           0x0000012f   Thumb Code     0  startup_stm32l1xx_md.o(.text)
    RTC_Alarm_IRQHandler                     0x0000012f   Thumb Code     0  startup_stm32l1xx_md.o(.text)
    RTC_WKUP_IRQHandler                      0x0000012f   Thumb Code     0  startup_stm32l1xx_md.o(.text)
    SPI1_IRQHandler                          0x0000012f   Thumb Code     0  startup_stm32l1xx_md.o(.text)
    SPI2_IRQHandler                          0x0000012f   Thumb Code     0  startup_stm32l1xx_md.o(.text)
    TAMPER_STAMP_IRQHandler                  0x0000012f   Thumb Code     0  startup_stm32l1xx_md.o(.text)
    TIM10_IRQHandler                         0x0000012f   Thumb Code     0  startup_stm32l1xx_md.o(.text)
    TIM11_IRQHandler                         0x0000012f   Thumb Code     0  startup_stm32l1xx_md.o(.text)
    TIM2_IRQHandler                          0x0000012f   Thumb Code     0  startup_stm32l1xx_md.o(.text)
    TIM3_IRQHandler                          0x0000012f   Thumb Code     0  startup_stm32l1xx_md.o(.text)
    TIM4_IRQHandler                          0x0000012f   Thumb Code     0  startup_stm32l1xx_md.o(.text)
    TIM6_IRQHandler                          0x0000012f   Thumb Code     0  startup_stm32l1xx_md.o(.text)
    TIM7_IRQHandler                          0x0000012f   Thumb Code     0  startup_stm32l1xx_md.o(.text)
    TIM9_IRQHandler                          0x0000012f   Thumb Code     0  startup_stm32l1xx_md.o(.text)
    USART1_IRQHandler                        0x0000012f   Thumb Code     0  startup_stm32l1xx_md.o(.text)
    USART2_IRQHandler                        0x0000012f   Thumb Code     0  startup_stm32l1xx_md.o(.text)
    USART3_IRQHandler                        0x0000012f   Thumb Code     0  startup_stm32l1xx_md.o(.text)
    USB_FS_WKUP_IRQHandler                   0x0000012f   Thumb Code     0  startup_stm32l1xx_md.o(.text)
    USB_HP_IRQHandler                        0x0000012f   Thumb Code     0  startup_stm32l1xx_md.o(.text)
    USB_LP_IRQHandler                        0x0000012f   Thumb Code     0  startup_stm32l1xx_md.o(.text)
    WWDG_IRQHandler                          0x0000012f   Thumb Code     0  startup_stm32l1xx_md.o(.text)
    __user_initial_stackheap                 0x00000131   Thumb Code     0  startup_stm32l1xx_md.o(.text)
    __main                                   0x00000161   Thumb Code    16  main.o(main)
    Image$$ER_IROM1$$RO$$Length              0x00000170   Number         0  anon$$obj.o ABSOLUTE
    Image$$ER_IROM1$$RO$$Limit               0x00000170   Number         0  anon$$obj.o ABSOLUTE
    Image$$ER_IROM1$$RW$$Base                0x00000170   Number         0  anon$$obj.o ABSOLUTE
    Image$$ER_IROM1$$RW$$Limit               0x00000170   Number         0  anon$$obj.o ABSOLUTE
    Image$$ER_IROM1$$ZI$$Base                0x00000170   Number         0  anon$$obj.o ABSOLUTE
    Image$$ER_IROM1$$ZI$$Limit               0x00000170   Number         0  anon$$obj.o ABSOLUTE
    Load$$RW_IRAM1$$Base                     0x00000170   Number         0  anon$$obj.o ABSOLUTE
    Image$$RW_IRAM1$$ZI$$Length              0x00000600   Number         0  anon$$obj.o ABSOLUTE
    Image$$RW_IRAM1$$Base                    0x20000000   Number         0  anon$$obj.o ABSOLUTE
    Image$$RW_IRAM1$$Limit                   0x20000000   Number         0  anon$$obj.o ABSOLUTE
    Image$$RW_IRAM1$$RO$$Base                0x20000000   Number         0  anon$$obj.o ABSOLUTE
    Image$$RW_IRAM1$$RW$$Base                0x20000000   Number         0  anon$$obj.o ABSOLUTE
    Image$$RW_IRAM1$$RW$$Limit               0x20000000   Number         0  anon$$obj.o ABSOLUTE
    Image$$RW_IRAM1$$ZI$$Base                0x20000000   Number         0  anon$$obj.o ABSOLUTE
    Image$$RW_IRAM1$$ZI$$Limit               0x20000600   Number         0  anon$$obj.o ABSOLUTE



==============================================================================

Memory Map of the image

  Image Entry point : 0x00000161

  Load Region LR_IROM1 (Base: 0x00000000, Size: 0x00000170, Max: 0x00040000, ABSOLUTE)

    Execution Region ER_IROM1 (Exec base: 0x00000000, Load base: 0x00000000, Size: 0x00000170, Max: 0x00040000, ABSOLUTE)

    Exec Addr    Load Addr    Size         Type   Attr      Idx    E Section Name        Object

    0x00000000   0x00000000   0x000000f4   Data   RO           12    RESET               startup_stm32l1xx_md.o
    0x000000f4   0x000000f4   0x0000006c   Code   RO           13    .text               startup_stm32l1xx_md.o
    0x00000160   0x00000160   0x00000010   Code   RO            3  * main                main.o


    Execution Region RW_IRAM1 (Exec base: 0x20000000, Load base: 0x00000170, Size: 0x00000600, Max: 0x00020000, ABSOLUTE)

    Exec Addr    Load Addr    Size         Type   Attr      Idx    E Section Name        Object

    0x20000000        -       0x00000200   Zero   RW           11    HEAP                startup_stm32l1xx_md.o
    0x20000200        -       0x00000400   Zero   RW           10    STACK               startup_stm32l1xx_md.o


==============================================================================

Image component sizes


      Code (inc. data)   RO Data    RW Data    ZI Data      Debug   Object Name

        16          0          0          0          0        412   main.o
       108         38        244          0       1536        860   startup_stm32l1xx_md.o

    ----------------------------------------------------------------------
       124         38        244          0       1536       1272   Object Totals
         0          0          0          0          0          0   (incl. Generated)
         0          0          0          0          0          0   (incl. Padding)

    ----------------------------------------------------------------------
         0          0          0          0          0          0   Library Totals
         0          0          0          0          0          0   (incl. Padding)

    ----------------------------------------------------------------------

==============================================================================


      Code (inc. data)   RO Data    RW Data    ZI Data      Debug   

       124         38        244          0       1536       1220   Grand Totals
       124         38        244          0       1536       1220   ELF Image Totals
       124         38        244          0          0          0   ROM Totals

==============================================================================

    Total RO  Size (Code + RO Data)                  368 (   0.36kB)
    Total RW  Size (RW Data + ZI Data)              1536 (   1.50kB)
    Total ROM Size (Code + RO Data + RW Data)        368 (   0.36kB)

==============================================================================

